// Jest Snapshot v1, https://goo.gl/fbAQLP

exports[`Schema testing Throws an error for an object missing age 1`] = `"undefined is required"`;

exports[`Schema testing Throws an error for an object missing name 1`] = `"undefined is required"`;
